I'm sorry, but errors were detected in your script. Please correct the
errors listed below, and try again.


File "game/script.rpy", line 12: invalid syntax
    global item_name = "Banana"
                      ^
    

Ren'Py Version: Ren'Py 8.0.1.22070801
Wed Jul 20 22:14:06 2022
